[02:15:42] [main/INFO] (FabricLoader/GameProvider) Loading Minecraft 7.3_04 with Fabric Loader 0.15.6-bta.7
[02:15:42] [main/WARN] (FabricLoader/GameProvider) Can't remove Log4J2 JNDI substitution Lookup: java.lang.RuntimeException: couldn't find JNDI lookup entry
[02:15:42] [ForkJoinPool-1-worker-1/WARN] (FabricLoader/Metadata) Mod qbtaa uses the version 1.2.1-7.3_04 which isn't compatible with Loader's extended semantic version format (Invalid prerelease string '7.3_04'!), SemVer is recommended for reliably evaluating dependencies and prioritizing newer version
[02:15:42] [main/INFO] (FabricLoader) Loading 9 mods:
	- fabricloader 0.15.6-bta.7
	- halplibe 5.1.2
	   \-- org_apache_commons_commons-lang3 3.12.0
	- java 17
	- legacy-lwjgl3 1.0.4
	- minecraft 7.3.4
	- mixinextras 0.3.2
	- modmenu 3.0.0
	   \-- org_apache_commons_commons-lang3 3.12.0
	- qbtaa 1.2.1-7.3_04
[02:15:42] [main/INFO] (FabricLoader/Mixin) SpongePowered MIXIN Subsystem Version=0.8.5 Source=file:/C:/Users/loudm/.gradle/caches/modules-2/files-2.1/net.fabricmc/sponge-mixin/0.12.5+mixin.0.8.5/8d31fb97c3e0cd7c8dad3441851c523bcfae6d8e/sponge-mixin-0.12.5+mixin.0.8.5.jar Service=Knot/Fabric Env=CLIENT
[02:15:42] [main/INFO] (FabricLoader/Mixin) Loaded Fabric development mappings for mixin remapper!
[02:15:42] [main/WARN] (FabricLoader/Mixin) Error loading class: net/minecraft/server/MinecraftServer (java.lang.RuntimeException: Cannot load class net.minecraft.server.MinecraftServer in environment type CLIENT)
[02:15:42] [main/WARN] (FabricLoader/Mixin) @Mixin target net.minecraft.server.MinecraftServer was not found halplibe.mixins.json:MinecraftServerMixin from mod halplibe
[02:15:42] [main/INFO] (halplibe) Config file name: halplibe.cfg
[02:15:42] [main/INFO] (halplibe) Config file path: C:\Users\loudm\IdeaProjects\qbtaa3\run\config\halplibe.cfg
[02:15:42] [main/INFO] (FabricLoader/MixinExtras|Service) Initializing MixinExtras via com.llamalad7.mixinextras.service.MixinExtrasServiceImpl(version=0.3.2).
[02:15:42] [main/INFO] (Minecraft) LWJGL version = 3.3.3-snapshot
[02:15:43] [main/INFO] (halplibe) HalpLibe initialized.
[02:15:43] [main/INFO] (halplibe) Config file name: qbtaa.cfg
[02:15:43] [main/INFO] (halplibe) Config file path: C:\Users\loudm\IdeaProjects\qbtaa3\run\config\qbtaa.cfg
[02:15:43] [main/INFO] (qbtaa) Blocks initialized.
[02:15:43] [main/INFO] (qbtaa) Items initialized.
[02:15:43] [main/INFO] (qbtaa) Que's BTA Additions initialized.
[02:15:43] [main/INFO] (Minecraft) Using bundled let's encrypt certificates
[02:15:44] [main/INFO] (Minecraft) Java Version: 17.0.16
[02:15:44] [main/INFO] (Minecraft) [STDOUT]: GLFW Init
[02:15:45] [main/INFO] (Minecraft) Resolution: 854 x 480
[02:15:45] [main/INFO] (Minecraft) 2944 Translation Keys
[02:15:45] [main/INFO] (Minecraft) 4.6.0 Compatibility Profile Context 24.12.1.241127
[02:15:45] [main/INFO] (Minecraft) ATI Technologies Inc.
[02:15:45] [main/INFO] (Minecraft) AMD Radeon RX 6800
[02:15:45] [main/INFO] (Minecraft) GL_ARB_framebuffer_object: true
[02:15:45] [main/INFO] (Minecraft) GL_ARB_occlusion_query: true
[02:15:45] [main/INFO] (Minecraft) GL_NV_fog_distance: false
[02:15:45] [main/INFO] (Minecraft) Enable Shaders: true
[02:15:45] [main/INFO] (Minecraft) [STDOUT]: MultiDraw disabled, using legacy terrain renderer
[02:15:45] [main/INFO] (Minecraft) Reloading Shaders...
[02:15:45] [main/INFO] (Minecraft) Drawing Loading Screen...
[02:15:46] [main/INFO] (qbtaa) Block Models initialized.
[02:15:46] [main/INFO] (qbtaa) Item Models initialized.
[02:15:46] [main/INFO] (Minecraft) Drawing Loading Screen...
[02:15:46] [main/INFO] (Minecraft) Initializing input
[02:15:46] [main/INFO] (Minecraft) 0 controllers found!
[02:15:46] [main/INFO] (Minecraft) Input done!
[02:15:46] [main/INFO] (Minecraft) Setting up OpenGL values...
[02:15:46] [main/INFO] (Minecraft) [STDOUT]: 
[02:15:46] [main/INFO] (Minecraft) [STDOUT]: Starting up SoundSystem...
[02:15:46] [Thread-1/INFO] (Minecraft) [STDOUT]: Initializing LWJGL OpenAL
[02:15:46] [Thread-1/INFO] (Minecraft) [STDOUT]:     (The LWJGL3 binding of OpenAL.  For more information, see http://www.lwjgl.org)
[02:15:46] [Thread-1/INFO] (Minecraft) [STDOUT]: OpenAL initialized.
[02:15:47] [main/INFO] (Minecraft) [STDOUT]: 
[02:15:47] [main/INFO] (Minecraft) Drawing Loading Screen...
[02:15:47] [main/INFO] (Minecraft) Active Texture Packs: 
[02:15:47] [main/INFO] (Minecraft) Initializing Dynamic Textures...
[02:15:47] [main/INFO] (Minecraft) Generating Mipmaps...
[02:15:47] [main/INFO] (Minecraft) Generating Mipmaps...
[02:15:47] [main/INFO] (Minecraft) Generating Mipmaps...
[02:15:47] [main/INFO] (Minecraft) Generating Mipmaps...
[02:15:47] [main/INFO] (Minecraft) Drawing Loading Screen...
[02:15:47] [main/INFO] (Minecraft) Initializing Renderer...
[02:15:47] [main/INFO] (Minecraft) Starting Resource Download Thread...
[02:15:47] [Resource Download/INFO] (Minecraft) Downloading sounds...
[02:15:47] [main/INFO] (Minecraft) Registered 23 recipes from /recipes/blast_furnace.json
[02:15:47] [main/INFO] (Minecraft) Registered 24 recipes from /recipes/furnace.json
[02:15:47] [main/INFO] (Minecraft) Registered 6 recipes from /recipes/trommel.json
[02:15:47] [main/INFO] (Minecraft) Registered 487 recipes from /recipes/workbench.json
[02:15:47] [main/INFO] (qbtaa) Recipes initialized.
[02:15:47] [main/INFO] (Minecraft) 32 item groups.
[02:15:47] [main/INFO] (Minecraft) 581 recipes in 8 groups in 2 namespaces.
[02:15:47] [main/INFO] (Minecraft) Drawing Loading Screen...
[02:15:47] [main/INFO] (Minecraft) [STDOUT]: Change to Windowed
[02:15:47] [main/INFO] (Minecraft) Display: 854 x 480, Render: 854 x 480
[02:18:43] [main/INFO] (Minecraft) Display: 1 x 1, Render: 1 x 1
[02:18:50] [main/INFO] (Minecraft) Display: 854 x 480, Render: 854 x 480
[02:18:52] [main/INFO] (Minecraft) [STDOUT]: Spawned new chunk save thread!
[02:18:52] [main/INFO] (Minecraft) Using grass color from texture pack Default
[02:18:52] [main/INFO] (Minecraft) Using water color from texture pack Default
[02:18:52] [main/INFO] (Minecraft) Using stars color from texture pack Default
[02:18:52] [main/INFO] (Minecraft) Using oak color from texture pack Default
[02:18:52] [main/INFO] (Minecraft) Using birch color from texture pack Default
[02:18:52] [main/INFO] (Minecraft) Using pine color from texture pack Default
[02:18:52] [main/INFO] (Minecraft) Using cherry color from texture pack Default
[02:18:52] [main/INFO] (Minecraft) Using shrub color from texture pack Default
[02:18:52] [main/INFO] (Minecraft) Using eucalyptus color from texture pack Default
[02:18:52] [main/INFO] (Minecraft) Using cacao color from texture pack Default
[02:18:52] [main/INFO] (Minecraft) Using thorn color from texture pack Default
[02:18:52] [main/INFO] (Minecraft) Using palm color from texture pack Default
[02:18:52] [main/INFO] (Minecraft) Updating Colorizers
[02:18:52] [main/INFO] (Minecraft) logged in with session name: Player456
[02:18:52] [GetSkinUrlThread 0/INFO] (Minecraft) Loading Skin for Player Player456...
[02:18:52] [main/ERROR] (Minecraft) Missing translation in default language: tile.qbtaa.block.stained_glass_door_top.name
 at net.minecraft.core.lang.I18n.translateNameKey(I18n.java:74)
[02:18:52] [main/ERROR] (Minecraft) Missing translation in default language: tile.qbtaa.block.stained_glass_door_bottom.name
 at net.minecraft.core.lang.I18n.translateNameKey(I18n.java:74)
[02:18:52] [main/INFO] (Minecraft) Loading custom lightmap '/assets/minecraft/textures/environment/lightmap0.png'
[02:18:52] [main/INFO] (Minecraft) No custom lightmap found
[02:18:57] [GetSkinUrlThread 0/INFO] (Minecraft) Loading Skin for Player Player456...
[02:19:03] [GetSkinUrlThread 0/INFO] (Minecraft) Loading Skin for Player Player456...
[02:19:04] [main/INFO] (Minecraft) Stopping!
[02:19:04] [main/INFO] (Minecraft) [STDOUT]: 
[02:19:04] [main/INFO] (Minecraft) [STDOUT]: SoundSystem shutting down...
[02:19:04] [main/INFO] (Minecraft) [STDOUT]:     Author: Paul Lamb, www.paulscode.com
[02:19:04] [main/INFO] (Minecraft) [STDOUT]: 
